<?xml version="1.0" encoding="utf-8"?>
<TestRun id="a4772ab5-7888-41fe-9307-3a3473aebba9" name="LOQ@TOIYEUFPT 2025-10-24 23:14:02" runUser="TOIYEUFPT\LOQ" xmlns="http://microsoft.com/schemas/VisualStudio/TeamTest/2010">
  <Times creation="2025-10-24T23:14:02.8572066+07:00" queuing="2025-10-24T23:14:02.8572074+07:00" start="2025-10-24T23:14:01.6992526+07:00" finish="2025-10-24T23:14:06.6968077+07:00" />
  <TestSettings name="default" id="a8042b74-4810-4fad-911c-e4e48f939051">
    <Deployment runDeploymentRoot="LOQ_TOIYEUFPT_2025-10-24_23_14_02" />
  </TestSettings>
  <Results>
    <UnitTestResult executionId="03b9220f-18d5-41d7-b7e1-f96506971164" testId="c179ed30-e393-3843-22d1-b6b1aef8fd17" testName="TC18 - Transcribe: Throws when file empty" computerName="TOIYEUFPT" duration="00:00:00.0057065" startTime="2025-10-24T23:14:03.1808050+07:00" endTime="2025-10-24T23:14:03.1808052+07:00" testType="13cdc9d9-ddb5-4fa4-a97d-d965ccfc6d4b" outcome="Passed" testListId="8c84fa94-04c1-424b-9868-57a2d4851a1d" relativeResultsDirectory="03b9220f-18d5-41d7-b7e1-f96506971164">
      <Output>
        <StdOut>Input: File='empty.mp3' (0 bytes)&#xD;
Output: Exception ArgumentException (Invalid audio file)</StdOut>
      </Output>
    </UnitTestResult>
    <UnitTestResult executionId="8eb242df-c8a7-482e-908a-a88590f7a448" testId="c5a91eab-76fa-ef78-cee9-85c035ed5b7a" testName="TC14 - Grader: Handle fake API key" computerName="TOIYEUFPT" duration="00:00:00.6483693" startTime="2025-10-24T23:14:02.7980792+07:00" endTime="2025-10-24T23:14:02.7980796+07:00" testType="13cdc9d9-ddb5-4fa4-a97d-d965ccfc6d4b" outcome="Passed" testListId="8c84fa94-04c1-424b-9868-57a2d4851a1d" relativeResultsDirectory="8eb242df-c8a7-482e-908a-a88590f7a448">
      <Output>
        <StdOut>Input: Transcript='My favorite book...', Topic='Describe a book'&#xD;
Output: Exception KeyNotFound (invalid API key)</StdOut>
      </Output>
    </UnitTestResult>
    <UnitTestResult executionId="258d3a43-4e68-4f84-993b-94997fd4b38a" testId="fa79fd41-2830-4b34-87c1-f46abacb29a3" testName="TC12 - Grader: Throws when transcript empty" computerName="TOIYEUFPT" duration="00:00:00.0030404" startTime="2025-10-24T23:14:02.1473321+07:00" endTime="2025-10-24T23:14:02.1473322+07:00" testType="13cdc9d9-ddb5-4fa4-a97d-d965ccfc6d4b" outcome="Passed" testListId="8c84fa94-04c1-424b-9868-57a2d4851a1d" relativeResultsDirectory="258d3a43-4e68-4f84-993b-94997fd4b38a">
      <Output>
        <StdOut>Input: Empty transcript&#xD;
Output: Exception ArgumentException (Transcript cannot be empty)</StdOut>
      </Output>
    </UnitTestResult>
    <UnitTestResult executionId="e522c466-f031-426c-a3f4-b72a339c22c2" testId="bec0e9ad-6ff8-b372-5989-31dee7e65f88" testName="TC02 - Generate prompt without membership" computerName="TOIYEUFPT" duration="00:00:00.0596497" startTime="2025-10-24T23:14:03.5049647+07:00" endTime="2025-10-24T23:14:03.5049649+07:00" testType="13cdc9d9-ddb5-4fa4-a97d-d965ccfc6d4b" outcome="Passed" testListId="8c84fa94-04c1-424b-9868-57a2d4851a1d" relativeResultsDirectory="e522c466-f031-426c-a3f4-b72a339c22c2">
      <Output>
        <StdOut>Input: UserId=8 (no membership)&#xD;
Output: HTTP 403, Message={"message":"Membership required or expired."}</StdOut>
      </Output>
    </UnitTestResult>
    <UnitTestResult executionId="dbc82c88-b663-4441-b413-c1952fa0000e" testId="9942f643-522d-c890-2b17-4ec6bba5bb00" testName="TC16 - Transcribe: Return text when mocked audio provided" computerName="TOIYEUFPT" duration="00:00:00.9717634" startTime="2025-10-24T23:14:03.1749712+07:00" endTime="2025-10-24T23:14:03.1749715+07:00" testType="13cdc9d9-ddb5-4fa4-a97d-d965ccfc6d4b" outcome="Passed" testListId="8c84fa94-04c1-424b-9868-57a2d4851a1d" relativeResultsDirectory="dbc82c88-b663-4441-b413-c1952fa0000e">
      <Output>
        <StdOut>Input: File='test.mp3' (8 bytes of fake audio)&#xD;
Output: DeepgramRESTException (invalid credentials)</StdOut>
      </Output>
    </UnitTestResult>
    <UnitTestResult executionId="432eff83-d568-46e0-ba51-e379dfca7e92" testId="7e87361f-8a14-d2b0-85df-02606476bc69" testName="TC04 - Submit without prompt" computerName="TOIYEUFPT" duration="00:00:00.0445696" startTime="2025-10-24T23:14:03.4448087+07:00" endTime="2025-10-24T23:14:03.4448088+07:00" testType="13cdc9d9-ddb5-4fa4-a97d-d965ccfc6d4b" outcome="Passed" testListId="8c84fa94-04c1-424b-9868-57a2d4851a1d" relativeResultsDirectory="432eff83-d568-46e0-ba51-e379dfca7e92">
      <Output>
        <StdOut>Input: File='fake.mp3', Prompt='' (empty)&#xD;
Output: HTTP 400, Message={"message":"Missing AI-generated prompt."}</StdOut>
      </Output>
    </UnitTestResult>
    <UnitTestResult executionId="c3b7bc72-0a1b-4fa5-b15f-bc5832b0ad38" testId="5617757b-a2f1-a073-3ac9-2f1e7b5000f8" testName="TC17 - Transcribe: Throws when file is null" computerName="TOIYEUFPT" duration="00:00:00.0537781" startTime="2025-10-24T23:14:02.2026554+07:00" endTime="2025-10-24T23:14:02.2026557+07:00" testType="13cdc9d9-ddb5-4fa4-a97d-d965ccfc6d4b" outcome="Passed" testListId="8c84fa94-04c1-424b-9868-57a2d4851a1d" relativeResultsDirectory="c3b7bc72-0a1b-4fa5-b15f-bc5832b0ad38">
      <Output>
        <StdOut>Input: File=null&#xD;
Output: Exception ArgumentException (Invalid audio file)</StdOut>
      </Output>
    </UnitTestResult>
    <UnitTestResult executionId="391ef5fb-79d4-4320-a640-6a5cc93a45fa" testId="bc169991-b2dd-01a3-32a6-50c551060f6d" testName="TC08 - Prompt: Generate valid JSON output" computerName="TOIYEUFPT" duration="00:00:00.5073841" startTime="2025-10-24T23:14:03.3080826+07:00" endTime="2025-10-24T23:14:03.3080830+07:00" testType="13cdc9d9-ddb5-4fa4-a97d-d965ccfc6d4b" outcome="Passed" testListId="8c84fa94-04c1-424b-9868-57a2d4851a1d" relativeResultsDirectory="391ef5fb-79d4-4320-a640-6a5cc93a45fa">
      <Output>
        <StdOut>Input: Request AI to generate one IELTS topic (using fake API key)&#xD;
Output: Exception KeyNotFound (missing 'Title' in JSON, as expected for fake API key)</StdOut>
      </Output>
    </UnitTestResult>
    <UnitTestResult executionId="f5c54db1-626a-4673-a36b-9f75f38f0d9d" testId="f34d48d8-16c1-d646-33ba-4112f0cf4cf4" testName="TC07 - Prompt: Constructor throws when missing key" computerName="TOIYEUFPT" duration="00:00:00.0004448" startTime="2025-10-24T23:14:02.8265924+07:00" endTime="2025-10-24T23:14:02.8265924+07:00" testType="13cdc9d9-ddb5-4fa4-a97d-d965ccfc6d4b" outcome="Passed" testListId="8c84fa94-04c1-424b-9868-57a2d4851a1d" relativeResultsDirectory="f5c54db1-626a-4673-a36b-9f75f38f0d9d">
      <Output>
        <StdOut>Input: Missing OpenAI API key&#xD;
Output: Exception thrown (Missing OpenAI API key)</StdOut>
      </Output>
    </UnitTestResult>
    <UnitTestResult executionId="d006ad89-7025-4075-b1f9-78ed61fafaa0" testId="d1983781-01a0-72fb-037c-3940ba98e1a3" testName="TC09 - Prompt: Handle malformed JSON gracefully" computerName="TOIYEUFPT" duration="00:00:00.0100314" startTime="2025-10-24T23:14:02.1435858+07:00" endTime="2025-10-24T23:14:02.1435995+07:00" testType="13cdc9d9-ddb5-4fa4-a97d-d965ccfc6d4b" outcome="Passed" testListId="8c84fa94-04c1-424b-9868-57a2d4851a1d" relativeResultsDirectory="d006ad89-7025-4075-b1f9-78ed61fafaa0">
      <Output>
        <StdOut>Input: Simulate malformed JSON from AI&#xD;
Output: Exception caught - 'b' is an invalid start of a property name. Expected a '"'. LineNumber: 0 | BytePositionInLine: 2.</StdOut>
      </Output>
    </UnitTestResult>
    <UnitTestResult executionId="98dcb302-cf20-4c3d-9901-7067f5439575" testId="0fd07555-e211-dcb5-746a-eb6d8e14980d" testName="TC05 - Submit with expired membership" computerName="TOIYEUFPT" duration="00:00:00.0064589" startTime="2025-10-24T23:14:03.5119189+07:00" endTime="2025-10-24T23:14:03.5119192+07:00" testType="13cdc9d9-ddb5-4fa4-a97d-d965ccfc6d4b" outcome="Passed" testListId="8c84fa94-04c1-424b-9868-57a2d4851a1d" relativeResultsDirectory="98dcb302-cf20-4c3d-9901-7067f5439575">
      <Output>
        <StdOut>Input: UserId=8 (no membership), File='fake.mp3'&#xD;
Output: HTTP 403, Message={"message":"Membership required or expired."}</StdOut>
      </Output>
    </UnitTestResult>
    <UnitTestResult executionId="db53eb4f-9820-4a40-a3e7-7331d465701a" testId="c0a08982-3150-380c-3e55-7d9a32b7070c" testName="TC13 - Grader: Extract JSON safely" computerName="TOIYEUFPT" duration="00:00:00.0034620" startTime="2025-10-24T23:14:02.8267754+07:00" endTime="2025-10-24T23:14:02.8267755+07:00" testType="13cdc9d9-ddb5-4fa4-a97d-d965ccfc6d4b" outcome="Passed" testListId="8c84fa94-04c1-424b-9868-57a2d4851a1d" relativeResultsDirectory="db53eb4f-9820-4a40-a3e7-7331d465701a">
      <Output>
        <StdOut>Input: Raw text without valid JSON&#xD;
Output: Extracted JSON = '{}'</StdOut>
      </Output>
    </UnitTestResult>
    <UnitTestResult executionId="56e024b0-b49d-4ee1-8783-fc1143107d3d" testId="5c75b38b-d17d-425c-a21f-a4ff1c5f3e52" testName="TC03 - Submit without file" computerName="TOIYEUFPT" duration="00:00:01.2707044" startTime="2025-10-24T23:14:03.3997802+07:00" endTime="2025-10-24T23:14:03.3997804+07:00" testType="13cdc9d9-ddb5-4fa4-a97d-d965ccfc6d4b" outcome="Passed" testListId="8c84fa94-04c1-424b-9868-57a2d4851a1d" relativeResultsDirectory="56e024b0-b49d-4ee1-8783-fc1143107d3d">
      <Output>
        <StdOut>Input: File=null, Prompt='Describe...'&#xD;
Output: HTTP 400, Message={"message":"Please upload a valid audio file."}</StdOut>
      </Output>
    </UnitTestResult>
    <UnitTestResult executionId="90f7fd51-fe17-47c9-b978-a95baa6e16a6" testId="745b96d1-f7e6-ea5e-a166-43eeb697fa0e" testName="TC06 - Submit valid audio and prompt" computerName="TOIYEUFPT" duration="00:00:00.7750255" startTime="2025-10-24T23:14:04.2874924+07:00" endTime="2025-10-24T23:14:04.2874930+07:00" testType="13cdc9d9-ddb5-4fa4-a97d-d965ccfc6d4b" outcome="Passed" testListId="8c84fa94-04c1-424b-9868-57a2d4851a1d" relativeResultsDirectory="90f7fd51-fe17-47c9-b978-a95baa6e16a6">
      <Output>
        <StdOut>Input: UserId=1 (has membership), File='fake.mp3', Prompt='Describe a person you admire'&#xD;
Output: Type=ObjectResult</StdOut>
      </Output>
    </UnitTestResult>
    <UnitTestResult executionId="9c011a00-d4a9-43fe-a136-ba3099efc299" testId="f033072e-5beb-bbde-48a4-f5c814e696eb" testName="TC11 - Grader: Constructor throws when missing key" computerName="TOIYEUFPT" duration="00:00:00.0100336" startTime="2025-10-24T23:14:02.1462529+07:00" endTime="2025-10-24T23:14:02.1462530+07:00" testType="13cdc9d9-ddb5-4fa4-a97d-d965ccfc6d4b" outcome="Passed" testListId="8c84fa94-04c1-424b-9868-57a2d4851a1d" relativeResultsDirectory="9c011a00-d4a9-43fe-a136-ba3099efc299">
      <Output>
        <StdOut>Input: Missing OpenAI API key&#xD;
Output: Exception thrown (Missing OpenAI API key)</StdOut>
      </Output>
    </UnitTestResult>
    <UnitTestResult executionId="7bfc6ffc-d92c-4433-b214-cdd4d079a20d" testId="827a7906-a534-5e27-b5ae-13652be2c57e" testName="TC15 - Transcribe: Constructor throws when missing key" computerName="TOIYEUFPT" duration="00:00:00.0179893" startTime="2025-10-24T23:14:02.1487976+07:00" endTime="2025-10-24T23:14:02.1487977+07:00" testType="13cdc9d9-ddb5-4fa4-a97d-d965ccfc6d4b" outcome="Passed" testListId="8c84fa94-04c1-424b-9868-57a2d4851a1d" relativeResultsDirectory="7bfc6ffc-d92c-4433-b214-cdd4d079a20d">
      <Output>
        <StdOut>Input: Missing Deepgram API key&#xD;
Output: Exception thrown (Missing Deepgram API key)</StdOut>
      </Output>
    </UnitTestResult>
    <UnitTestResult executionId="c4d6186e-9b2c-4bfe-b3f9-34768a642a16" testId="3c06dd79-11d6-c08f-d605-bc0d4bb9f61f" testName="TC10 - Prompt: Throw on fake API key" computerName="TOIYEUFPT" duration="00:00:00.6515504" startTime="2025-10-24T23:14:02.7981213+07:00" endTime="2025-10-24T23:14:02.7981214+07:00" testType="13cdc9d9-ddb5-4fa4-a97d-d965ccfc6d4b" outcome="Passed" testListId="8c84fa94-04c1-424b-9868-57a2d4851a1d" relativeResultsDirectory="c4d6186e-9b2c-4bfe-b3f9-34768a642a16">
      <Output>
        <StdOut>Input: Using fake API key 'fake'&#xD;
Output: Exception KeyNotFound (invalid API key)</StdOut>
      </Output>
    </UnitTestResult>
    <UnitTestResult executionId="10b524f0-e93b-47b0-b87a-51bbd0285252" testId="c4d220c1-ead6-92df-4695-53a7abd9c6df" testName="TC01 - Generate prompt with valid membership" computerName="TOIYEUFPT" duration="00:00:02.3314081" startTime="2025-10-24T23:14:06.6193132+07:00" endTime="2025-10-24T23:14:06.6193134+07:00" testType="13cdc9d9-ddb5-4fa4-a97d-d965ccfc6d4b" outcome="Passed" testListId="8c84fa94-04c1-424b-9868-57a2d4851a1d" relativeResultsDirectory="10b524f0-e93b-47b0-b87a-51bbd0285252">
      <Output>
        <StdOut>Input: UserId=1 (has membership)&#xD;
Output: HTTP 200, Result={"Title":"IELTS Speaking Part 2 - AI Gen","Content":"Describe a memorable event in your life and explain why it was special."}</StdOut>
      </Output>
    </UnitTestResult>
  </Results>
  <TestDefinitions>
    <UnitTest name="TC03 - Submit without file" storage="d:\learncsharp\backend\group1_swp391_fptu\server\emt_api.tests\bin\debug\net9.0\emt_api.tests.dll" id="5c75b38b-d17d-425c-a21f-a4ff1c5f3e52">
      <Execution id="56e024b0-b49d-4ee1-8783-fc1143107d3d" />
      <TestMethod codeBase="D:\LearnCSharp\backend\Group1_SWP391_FPTU\server\EMT_API.Tests\bin\Debug\net9.0\EMT_API.Tests.dll" adapterTypeName="executor://xunit/VsTestRunner2/netcoreapp" className="EMT_API.Tests.Controllers.AISpeakingControllerTests" name="Submit_ShouldReturn400_WhenFileMissing" />
    </UnitTest>
    <UnitTest name="TC02 - Generate prompt without membership" storage="d:\learncsharp\backend\group1_swp391_fptu\server\emt_api.tests\bin\debug\net9.0\emt_api.tests.dll" id="bec0e9ad-6ff8-b372-5989-31dee7e65f88">
      <Execution id="e522c466-f031-426c-a3f4-b72a339c22c2" />
      <TestMethod codeBase="D:\LearnCSharp\backend\Group1_SWP391_FPTU\server\EMT_API.Tests\bin\Debug\net9.0\EMT_API.Tests.dll" adapterTypeName="executor://xunit/VsTestRunner2/netcoreapp" className="EMT_API.Tests.Controllers.AISpeakingControllerTests" name="GeneratePrompt_ShouldReturn403_WhenUserNoMembership" />
    </UnitTest>
    <UnitTest name="TC15 - Transcribe: Constructor throws when missing key" storage="d:\learncsharp\backend\group1_swp391_fptu\server\emt_api.tests\bin\debug\net9.0\emt_api.tests.dll" id="827a7906-a534-5e27-b5ae-13652be2c57e">
      <Execution id="7bfc6ffc-d92c-4433-b214-cdd4d079a20d" />
      <TestMethod codeBase="D:\LearnCSharp\backend\Group1_SWP391_FPTU\server\EMT_API.Tests\bin\Debug\net9.0\EMT_API.Tests.dll" adapterTypeName="executor://xunit/VsTestRunner2/netcoreapp" className="EMT_API.Tests.Services.TranscriptionModuleTests" name="Constructor_ShouldThrow_WhenMissingKey" />
    </UnitTest>
    <UnitTest name="TC07 - Prompt: Constructor throws when missing key" storage="d:\learncsharp\backend\group1_swp391_fptu\server\emt_api.tests\bin\debug\net9.0\emt_api.tests.dll" id="f34d48d8-16c1-d646-33ba-4112f0cf4cf4">
      <Execution id="f5c54db1-626a-4673-a36b-9f75f38f0d9d" />
      <TestMethod codeBase="D:\LearnCSharp\backend\Group1_SWP391_FPTU\server\EMT_API.Tests\bin\Debug\net9.0\EMT_API.Tests.dll" adapterTypeName="executor://xunit/VsTestRunner2/netcoreapp" className="EMT_API.Tests.Services.PromptModuleTests" name="Constructor_ShouldThrow_WhenMissingKey" />
    </UnitTest>
    <UnitTest name="TC13 - Grader: Extract JSON safely" storage="d:\learncsharp\backend\group1_swp391_fptu\server\emt_api.tests\bin\debug\net9.0\emt_api.tests.dll" id="c0a08982-3150-380c-3e55-7d9a32b7070c">
      <Execution id="db53eb4f-9820-4a40-a3e7-7331d465701a" />
      <TestMethod codeBase="D:\LearnCSharp\backend\Group1_SWP391_FPTU\server\EMT_API.Tests\bin\Debug\net9.0\EMT_API.Tests.dll" adapterTypeName="executor://xunit/VsTestRunner2/netcoreapp" className="EMT_API.Tests.Services.GradingModuleTests" name="ExtractJson_ShouldReturnEmpty_WhenBadString" />
    </UnitTest>
    <UnitTest name="TC05 - Submit with expired membership" storage="d:\learncsharp\backend\group1_swp391_fptu\server\emt_api.tests\bin\debug\net9.0\emt_api.tests.dll" id="0fd07555-e211-dcb5-746a-eb6d8e14980d">
      <Execution id="98dcb302-cf20-4c3d-9901-7067f5439575" />
      <TestMethod codeBase="D:\LearnCSharp\backend\Group1_SWP391_FPTU\server\EMT_API.Tests\bin\Debug\net9.0\EMT_API.Tests.dll" adapterTypeName="executor://xunit/VsTestRunner2/netcoreapp" className="EMT_API.Tests.Controllers.AISpeakingControllerTests" name="Submit_ShouldReturn403_WhenMembershipExpired" />
    </UnitTest>
    <UnitTest name="TC17 - Transcribe: Throws when file is null" storage="d:\learncsharp\backend\group1_swp391_fptu\server\emt_api.tests\bin\debug\net9.0\emt_api.tests.dll" id="5617757b-a2f1-a073-3ac9-2f1e7b5000f8">
      <Execution id="c3b7bc72-0a1b-4fa5-b15f-bc5832b0ad38" />
      <TestMethod codeBase="D:\LearnCSharp\backend\Group1_SWP391_FPTU\server\EMT_API.Tests\bin\Debug\net9.0\EMT_API.Tests.dll" adapterTypeName="executor://xunit/VsTestRunner2/netcoreapp" className="EMT_API.Tests.Services.TranscriptionModuleTests" name="TranscribeAsync_ShouldThrow_WhenFileNull" />
    </UnitTest>
    <UnitTest name="TC08 - Prompt: Generate valid JSON output" storage="d:\learncsharp\backend\group1_swp391_fptu\server\emt_api.tests\bin\debug\net9.0\emt_api.tests.dll" id="bc169991-b2dd-01a3-32a6-50c551060f6d">
      <Execution id="391ef5fb-79d4-4320-a640-6a5cc93a45fa" />
      <TestMethod codeBase="D:\LearnCSharp\backend\Group1_SWP391_FPTU\server\EMT_API.Tests\bin\Debug\net9.0\EMT_API.Tests.dll" adapterTypeName="executor://xunit/VsTestRunner2/netcoreapp" className="EMT_API.Tests.Services.PromptModuleTests" name="GenerateSpeakingPromptAsync_ShouldReturnTuple" />
    </UnitTest>
    <UnitTest name="TC14 - Grader: Handle fake API key" storage="d:\learncsharp\backend\group1_swp391_fptu\server\emt_api.tests\bin\debug\net9.0\emt_api.tests.dll" id="c5a91eab-76fa-ef78-cee9-85c035ed5b7a">
      <Execution id="8eb242df-c8a7-482e-908a-a88590f7a448" />
      <TestMethod codeBase="D:\LearnCSharp\backend\Group1_SWP391_FPTU\server\EMT_API.Tests\bin\Debug\net9.0\EMT_API.Tests.dll" adapterTypeName="executor://xunit/VsTestRunner2/netcoreapp" className="EMT_API.Tests.Services.GradingModuleTests" name="GradeSpeakingAsync_ShouldThrow_OnFakeKey" />
    </UnitTest>
    <UnitTest name="TC12 - Grader: Throws when transcript empty" storage="d:\learncsharp\backend\group1_swp391_fptu\server\emt_api.tests\bin\debug\net9.0\emt_api.tests.dll" id="fa79fd41-2830-4b34-87c1-f46abacb29a3">
      <Execution id="258d3a43-4e68-4f84-993b-94997fd4b38a" />
      <TestMethod codeBase="D:\LearnCSharp\backend\Group1_SWP391_FPTU\server\EMT_API.Tests\bin\Debug\net9.0\EMT_API.Tests.dll" adapterTypeName="executor://xunit/VsTestRunner2/netcoreapp" className="EMT_API.Tests.Services.GradingModuleTests" name="GradeSpeakingAsync_ShouldThrow_WhenTranscriptEmpty" />
    </UnitTest>
    <UnitTest name="TC10 - Prompt: Throw on fake API key" storage="d:\learncsharp\backend\group1_swp391_fptu\server\emt_api.tests\bin\debug\net9.0\emt_api.tests.dll" id="3c06dd79-11d6-c08f-d605-bc0d4bb9f61f">
      <Execution id="c4d6186e-9b2c-4bfe-b3f9-34768a642a16" />
      <TestMethod codeBase="D:\LearnCSharp\backend\Group1_SWP391_FPTU\server\EMT_API.Tests\bin\Debug\net9.0\EMT_API.Tests.dll" adapterTypeName="executor://xunit/VsTestRunner2/netcoreapp" className="EMT_API.Tests.Services.PromptModuleTests" name="CallOpenAIAsync_ShouldThrow_OnBadKey" />
    </UnitTest>
    <UnitTest name="TC18 - Transcribe: Throws when file empty" storage="d:\learncsharp\backend\group1_swp391_fptu\server\emt_api.tests\bin\debug\net9.0\emt_api.tests.dll" id="c179ed30-e393-3843-22d1-b6b1aef8fd17">
      <Execution id="03b9220f-18d5-41d7-b7e1-f96506971164" />
      <TestMethod codeBase="D:\LearnCSharp\backend\Group1_SWP391_FPTU\server\EMT_API.Tests\bin\Debug\net9.0\EMT_API.Tests.dll" adapterTypeName="executor://xunit/VsTestRunner2/netcoreapp" className="EMT_API.Tests.Services.TranscriptionModuleTests" name="TranscribeAsync_ShouldThrow_WhenFileEmpty" />
    </UnitTest>
    <UnitTest name="TC04 - Submit without prompt" storage="d:\learncsharp\backend\group1_swp391_fptu\server\emt_api.tests\bin\debug\net9.0\emt_api.tests.dll" id="7e87361f-8a14-d2b0-85df-02606476bc69">
      <Execution id="432eff83-d568-46e0-ba51-e379dfca7e92" />
      <TestMethod codeBase="D:\LearnCSharp\backend\Group1_SWP391_FPTU\server\EMT_API.Tests\bin\Debug\net9.0\EMT_API.Tests.dll" adapterTypeName="executor://xunit/VsTestRunner2/netcoreapp" className="EMT_API.Tests.Controllers.AISpeakingControllerTests" name="Submit_ShouldReturn400_WhenPromptMissing" />
    </UnitTest>
    <UnitTest name="TC11 - Grader: Constructor throws when missing key" storage="d:\learncsharp\backend\group1_swp391_fptu\server\emt_api.tests\bin\debug\net9.0\emt_api.tests.dll" id="f033072e-5beb-bbde-48a4-f5c814e696eb">
      <Execution id="9c011a00-d4a9-43fe-a136-ba3099efc299" />
      <TestMethod codeBase="D:\LearnCSharp\backend\Group1_SWP391_FPTU\server\EMT_API.Tests\bin\Debug\net9.0\EMT_API.Tests.dll" adapterTypeName="executor://xunit/VsTestRunner2/netcoreapp" className="EMT_API.Tests.Services.GradingModuleTests" name="Constructor_ShouldThrow_WhenMissingKey" />
    </UnitTest>
    <UnitTest name="TC06 - Submit valid audio and prompt" storage="d:\learncsharp\backend\group1_swp391_fptu\server\emt_api.tests\bin\debug\net9.0\emt_api.tests.dll" id="745b96d1-f7e6-ea5e-a166-43eeb697fa0e">
      <Execution id="90f7fd51-fe17-47c9-b978-a95baa6e16a6" />
      <TestMethod codeBase="D:\LearnCSharp\backend\Group1_SWP391_FPTU\server\EMT_API.Tests\bin\Debug\net9.0\EMT_API.Tests.dll" adapterTypeName="executor://xunit/VsTestRunner2/netcoreapp" className="EMT_API.Tests.Controllers.AISpeakingControllerTests" name="Submit_ShouldReturn200_WhenValid" />
    </UnitTest>
    <UnitTest name="TC09 - Prompt: Handle malformed JSON gracefully" storage="d:\learncsharp\backend\group1_swp391_fptu\server\emt_api.tests\bin\debug\net9.0\emt_api.tests.dll" id="d1983781-01a0-72fb-037c-3940ba98e1a3">
      <Execution id="d006ad89-7025-4075-b1f9-78ed61fafaa0" />
      <TestMethod codeBase="D:\LearnCSharp\backend\Group1_SWP391_FPTU\server\EMT_API.Tests\bin\Debug\net9.0\EMT_API.Tests.dll" adapterTypeName="executor://xunit/VsTestRunner2/netcoreapp" className="EMT_API.Tests.Services.PromptModuleTests" name="Fallback_ShouldReturnDefault_OnParseError" />
    </UnitTest>
    <UnitTest name="TC16 - Transcribe: Return text when mocked audio provided" storage="d:\learncsharp\backend\group1_swp391_fptu\server\emt_api.tests\bin\debug\net9.0\emt_api.tests.dll" id="9942f643-522d-c890-2b17-4ec6bba5bb00">
      <Execution id="dbc82c88-b663-4441-b413-c1952fa0000e" />
      <TestMethod codeBase="D:\LearnCSharp\backend\Group1_SWP391_FPTU\server\EMT_API.Tests\bin\Debug\net9.0\EMT_API.Tests.dll" adapterTypeName="executor://xunit/VsTestRunner2/netcoreapp" className="EMT_API.Tests.Services.TranscriptionModuleTests" name="TranscribeAsync_ShouldReturnString_WhenMocked" />
    </UnitTest>
    <UnitTest name="TC01 - Generate prompt with valid membership" storage="d:\learncsharp\backend\group1_swp391_fptu\server\emt_api.tests\bin\debug\net9.0\emt_api.tests.dll" id="c4d220c1-ead6-92df-4695-53a7abd9c6df">
      <Execution id="10b524f0-e93b-47b0-b87a-51bbd0285252" />
      <TestMethod codeBase="D:\LearnCSharp\backend\Group1_SWP391_FPTU\server\EMT_API.Tests\bin\Debug\net9.0\EMT_API.Tests.dll" adapterTypeName="executor://xunit/VsTestRunner2/netcoreapp" className="EMT_API.Tests.Controllers.AISpeakingControllerTests" name="GeneratePrompt_ShouldReturn200_WhenUserHasMembership" />
    </UnitTest>
  </TestDefinitions>
  <TestEntries>
    <TestEntry testId="c179ed30-e393-3843-22d1-b6b1aef8fd17" executionId="03b9220f-18d5-41d7-b7e1-f96506971164" testListId="8c84fa94-04c1-424b-9868-57a2d4851a1d" />
    <TestEntry testId="c5a91eab-76fa-ef78-cee9-85c035ed5b7a" executionId="8eb242df-c8a7-482e-908a-a88590f7a448" testListId="8c84fa94-04c1-424b-9868-57a2d4851a1d" />
    <TestEntry testId="fa79fd41-2830-4b34-87c1-f46abacb29a3" executionId="258d3a43-4e68-4f84-993b-94997fd4b38a" testListId="8c84fa94-04c1-424b-9868-57a2d4851a1d" />
    <TestEntry testId="bec0e9ad-6ff8-b372-5989-31dee7e65f88" executionId="e522c466-f031-426c-a3f4-b72a339c22c2" testListId="8c84fa94-04c1-424b-9868-57a2d4851a1d" />
    <TestEntry testId="9942f643-522d-c890-2b17-4ec6bba5bb00" executionId="dbc82c88-b663-4441-b413-c1952fa0000e" testListId="8c84fa94-04c1-424b-9868-57a2d4851a1d" />
    <TestEntry testId="7e87361f-8a14-d2b0-85df-02606476bc69" executionId="432eff83-d568-46e0-ba51-e379dfca7e92" testListId="8c84fa94-04c1-424b-9868-57a2d4851a1d" />
    <TestEntry testId="5617757b-a2f1-a073-3ac9-2f1e7b5000f8" executionId="c3b7bc72-0a1b-4fa5-b15f-bc5832b0ad38" testListId="8c84fa94-04c1-424b-9868-57a2d4851a1d" />
    <TestEntry testId="bc169991-b2dd-01a3-32a6-50c551060f6d" executionId="391ef5fb-79d4-4320-a640-6a5cc93a45fa" testListId="8c84fa94-04c1-424b-9868-57a2d4851a1d" />
    <TestEntry testId="f34d48d8-16c1-d646-33ba-4112f0cf4cf4" executionId="f5c54db1-626a-4673-a36b-9f75f38f0d9d" testListId="8c84fa94-04c1-424b-9868-57a2d4851a1d" />
    <TestEntry testId="d1983781-01a0-72fb-037c-3940ba98e1a3" executionId="d006ad89-7025-4075-b1f9-78ed61fafaa0" testListId="8c84fa94-04c1-424b-9868-57a2d4851a1d" />
    <TestEntry testId="0fd07555-e211-dcb5-746a-eb6d8e14980d" executionId="98dcb302-cf20-4c3d-9901-7067f5439575" testListId="8c84fa94-04c1-424b-9868-57a2d4851a1d" />
    <TestEntry testId="c0a08982-3150-380c-3e55-7d9a32b7070c" executionId="db53eb4f-9820-4a40-a3e7-7331d465701a" testListId="8c84fa94-04c1-424b-9868-57a2d4851a1d" />
    <TestEntry testId="5c75b38b-d17d-425c-a21f-a4ff1c5f3e52" executionId="56e024b0-b49d-4ee1-8783-fc1143107d3d" testListId="8c84fa94-04c1-424b-9868-57a2d4851a1d" />
    <TestEntry testId="745b96d1-f7e6-ea5e-a166-43eeb697fa0e" executionId="90f7fd51-fe17-47c9-b978-a95baa6e16a6" testListId="8c84fa94-04c1-424b-9868-57a2d4851a1d" />
    <TestEntry testId="f033072e-5beb-bbde-48a4-f5c814e696eb" executionId="9c011a00-d4a9-43fe-a136-ba3099efc299" testListId="8c84fa94-04c1-424b-9868-57a2d4851a1d" />
    <TestEntry testId="827a7906-a534-5e27-b5ae-13652be2c57e" executionId="7bfc6ffc-d92c-4433-b214-cdd4d079a20d" testListId="8c84fa94-04c1-424b-9868-57a2d4851a1d" />
    <TestEntry testId="3c06dd79-11d6-c08f-d605-bc0d4bb9f61f" executionId="c4d6186e-9b2c-4bfe-b3f9-34768a642a16" testListId="8c84fa94-04c1-424b-9868-57a2d4851a1d" />
    <TestEntry testId="c4d220c1-ead6-92df-4695-53a7abd9c6df" executionId="10b524f0-e93b-47b0-b87a-51bbd0285252" testListId="8c84fa94-04c1-424b-9868-57a2d4851a1d" />
  </TestEntries>
  <TestLists>
    <TestList name="Results Not in a List" id="8c84fa94-04c1-424b-9868-57a2d4851a1d" />
    <TestList name="All Loaded Results" id="19431567-8539-422a-85d7-44ee4e166bda" />
  </TestLists>
  <ResultSummary outcome="Completed">
    <Counters total="18" executed="18" passed="18" failed="0" error="0" timeout="0" aborted="0" inconclusive="0" passedButRunAborted="0" notRunnable="0" notExecuted="0" disconnected="0" warning="0" completed="0" inProgress="0" pending="0" />
    <Output>
      <StdOut>[xUnit.net 00:00:00.00] xUnit.net VSTest Adapter v2.5.7+8f2703126a (64-bit .NET 9.0.8)&#xD;
[xUnit.net 00:00:00.06]   Discovering: EMT_API.Tests&#xD;
[xUnit.net 00:00:00.09]   Discovered:  EMT_API.Tests&#xD;
[xUnit.net 00:00:00.09]   Starting:    EMT_API.Tests&#xD;
2025-10-24 23:14:02.151 [Information] DeepgramHttpClientOptions: OnPrem: False&#xD;
2025-10-24 23:14:02.160 [Information] DeepgramHttpClientOptions: APIVersion: v1&#xD;
2025-10-24 23:14:02.160 [Information] DeepgramHttpClientOptions: API KEY set from parameter&#xD;
2025-10-24 23:14:02.162 [Information] DeepgramHttpClientOptions: REST BaseAddress does not contain API version: api.deepgram.com&#xD;
2025-10-24 23:14:02.162 [Information] DeepgramHttpClientOptions: BaseAddress contains no protocol: api.deepgram.com/v1&#xD;
2025-10-24 23:14:02.162 [Information] DeepgramHttpClientOptions: BaseAddress: https://api.deepgram.com/v1&#xD;
2025-10-24 23:14:02.165 [Information] HttpClientFactory.Create: HttpClient ID: DEEPGRAM_HTTP_CLIENT&#xD;
2025-10-24 23:14:02.203 [Information] DeepgramHttpClientOptions: OnPrem: False&#xD;
2025-10-24 23:14:02.203 [Information] DeepgramHttpClientOptions: APIVersion: v1&#xD;
2025-10-24 23:14:02.203 [Information] DeepgramHttpClientOptions: API KEY set from parameter&#xD;
2025-10-24 23:14:02.203 [Information] DeepgramHttpClientOptions: REST BaseAddress does not contain API version: api.deepgram.com&#xD;
2025-10-24 23:14:02.203 [Information] DeepgramHttpClientOptions: BaseAddress contains no protocol: api.deepgram.com/v1&#xD;
2025-10-24 23:14:02.203 [Information] DeepgramHttpClientOptions: BaseAddress: https://api.deepgram.com/v1&#xD;
2025-10-24 23:14:02.203 [Information] HttpClientFactory.Create: HttpClient ID: DEEPGRAM_HTTP_CLIENT&#xD;
2025-10-24 23:14:02.208 [Information] TranscribeFile: source: System.IO.MemoryStream&#xD;
2025-10-24 23:14:02.220 [Information] DeepgramHttpClientOptions: OnPrem: False&#xD;
2025-10-24 23:14:02.220 [Information] DeepgramHttpClientOptions: APIVersion: v1&#xD;
2025-10-24 23:14:02.220 [Information] DeepgramHttpClientOptions: API KEY set from parameter&#xD;
2025-10-24 23:14:02.220 [Information] DeepgramHttpClientOptions: REST BaseAddress does not contain API version: api.deepgram.com&#xD;
2025-10-24 23:14:02.220 [Information] DeepgramHttpClientOptions: BaseAddress contains no protocol: api.deepgram.com/v1&#xD;
2025-10-24 23:14:02.220 [Information] DeepgramHttpClientOptions: BaseAddress: https://api.deepgram.com/v1&#xD;
2025-10-24 23:14:02.220 [Information] HttpClientFactory.Create: HttpClient ID: DEEPGRAM_HTTP_CLIENT&#xD;
2025-10-24 23:14:02.226 [Information] TranscribeFile: prerecordedSchema:&#xD;
{&#xD;
  "language": "en",&#xD;
  "model": "nova-3",&#xD;
  "paragraphs": true,&#xD;
  "smart_format": true&#xD;
}&#xD;
2025-10-24 23:14:02.229 [Information] PostAsync&lt;R, S, T&gt;: Using default timeout: 30000&#xD;
2025-10-24 23:14:03.166 [Error] PostAsync&lt;R, S, T&gt;: Deepgram.Models.Exceptions.v1.DeepgramRESTException thrown Invalid credentials.&#xD;
2025-10-24 23:14:03.175 [Information] DeepgramHttpClientOptions: OnPrem: False&#xD;
2025-10-24 23:14:03.179 [Information] DeepgramHttpClientOptions: APIVersion: v1&#xD;
2025-10-24 23:14:03.179 [Information] DeepgramHttpClientOptions: API KEY set from parameter&#xD;
2025-10-24 23:14:03.179 [Information] DeepgramHttpClientOptions: REST BaseAddress does not contain API version: api.deepgram.com&#xD;
2025-10-24 23:14:03.179 [Information] DeepgramHttpClientOptions: BaseAddress contains no protocol: api.deepgram.com/v1&#xD;
2025-10-24 23:14:03.179 [Information] DeepgramHttpClientOptions: BaseAddress: https://api.deepgram.com/v1&#xD;
2025-10-24 23:14:03.179 [Information] HttpClientFactory.Create: HttpClient ID: DEEPGRAM_HTTP_CLIENT&#xD;
2025-10-24 23:14:03.409 [Information] DeepgramHttpClientOptions: OnPrem: False&#xD;
2025-10-24 23:14:03.409 [Information] DeepgramHttpClientOptions: APIVersion: v1&#xD;
2025-10-24 23:14:03.409 [Information] DeepgramHttpClientOptions: API KEY set from parameter&#xD;
2025-10-24 23:14:03.409 [Information] DeepgramHttpClientOptions: REST BaseAddress does not contain API version: api.deepgram.com&#xD;
2025-10-24 23:14:03.410 [Information] DeepgramHttpClientOptions: BaseAddress contains no protocol: api.deepgram.com/v1&#xD;
2025-10-24 23:14:03.410 [Information] DeepgramHttpClientOptions: BaseAddress: https://api.deepgram.com/v1&#xD;
2025-10-24 23:14:03.410 [Information] HttpClientFactory.Create: HttpClient ID: DEEPGRAM_HTTP_CLIENT&#xD;
2025-10-24 23:14:03.446 [Information] DeepgramHttpClientOptions: OnPrem: False&#xD;
2025-10-24 23:14:03.447 [Information] DeepgramHttpClientOptions: APIVersion: v1&#xD;
2025-10-24 23:14:03.447 [Information] DeepgramHttpClientOptions: API KEY set from parameter&#xD;
2025-10-24 23:14:03.447 [Information] DeepgramHttpClientOptions: REST BaseAddress does not contain API version: api.deepgram.com&#xD;
2025-10-24 23:14:03.447 [Information] DeepgramHttpClientOptions: BaseAddress contains no protocol: api.deepgram.com/v1&#xD;
2025-10-24 23:14:03.447 [Information] DeepgramHttpClientOptions: BaseAddress: https://api.deepgram.com/v1&#xD;
2025-10-24 23:14:03.447 [Information] HttpClientFactory.Create: HttpClient ID: DEEPGRAM_HTTP_CLIENT&#xD;
2025-10-24 23:14:03.507 [Information] DeepgramHttpClientOptions: OnPrem: False&#xD;
2025-10-24 23:14:03.507 [Information] DeepgramHttpClientOptions: APIVersion: v1&#xD;
2025-10-24 23:14:03.507 [Information] DeepgramHttpClientOptions: API KEY set from parameter&#xD;
2025-10-24 23:14:03.507 [Information] DeepgramHttpClientOptions: REST BaseAddress does not contain API version: api.deepgram.com&#xD;
2025-10-24 23:14:03.507 [Information] DeepgramHttpClientOptions: BaseAddress contains no protocol: api.deepgram.com/v1&#xD;
2025-10-24 23:14:03.507 [Information] DeepgramHttpClientOptions: BaseAddress: https://api.deepgram.com/v1&#xD;
2025-10-24 23:14:03.507 [Information] HttpClientFactory.Create: HttpClient ID: DEEPGRAM_HTTP_CLIENT&#xD;
2025-10-24 23:14:03.514 [Information] DeepgramHttpClientOptions: OnPrem: False&#xD;
2025-10-24 23:14:03.514 [Information] DeepgramHttpClientOptions: APIVersion: v1&#xD;
2025-10-24 23:14:03.514 [Information] DeepgramHttpClientOptions: API KEY set from parameter&#xD;
2025-10-24 23:14:03.514 [Information] DeepgramHttpClientOptions: REST BaseAddress does not contain API version: api.deepgram.com&#xD;
2025-10-24 23:14:03.514 [Information] DeepgramHttpClientOptions: BaseAddress contains no protocol: api.deepgram.com/v1&#xD;
2025-10-24 23:14:03.514 [Information] DeepgramHttpClientOptions: BaseAddress: https://api.deepgram.com/v1&#xD;
2025-10-24 23:14:03.514 [Information] HttpClientFactory.Create: HttpClient ID: DEEPGRAM_HTTP_CLIENT&#xD;
2025-10-24 23:14:03.520 [Information] TranscribeFile: source: System.IO.MemoryStream&#xD;
2025-10-24 23:14:03.526 [Information] TranscribeFile: prerecordedSchema:&#xD;
{&#xD;
  "language": "en",&#xD;
  "model": "nova-3",&#xD;
  "paragraphs": true,&#xD;
  "smart_format": true&#xD;
}&#xD;
2025-10-24 23:14:03.526 [Information] PostAsync&lt;R, S, T&gt;: Using default timeout: 30000&#xD;
2025-10-24 23:14:04.284 [Error] PostAsync&lt;R, S, T&gt;: Deepgram.Models.Exceptions.v1.DeepgramRESTException thrown Bad Request: failed to process audio: corrupt or unsupported data&#xD;
2025-10-24 23:14:04.290 [Information] DeepgramHttpClientOptions: OnPrem: False&#xD;
2025-10-24 23:14:04.290 [Information] DeepgramHttpClientOptions: APIVersion: v1&#xD;
2025-10-24 23:14:04.290 [Information] DeepgramHttpClientOptions: API KEY set from parameter&#xD;
2025-10-24 23:14:04.290 [Information] DeepgramHttpClientOptions: REST BaseAddress does not contain API version: api.deepgram.com&#xD;
2025-10-24 23:14:04.290 [Information] DeepgramHttpClientOptions: BaseAddress contains no protocol: api.deepgram.com/v1&#xD;
2025-10-24 23:14:04.290 [Information] DeepgramHttpClientOptions: BaseAddress: https://api.deepgram.com/v1&#xD;
2025-10-24 23:14:04.290 [Information] HttpClientFactory.Create: HttpClient ID: DEEPGRAM_HTTP_CLIENT&#xD;
[xUnit.net 00:00:04.61]   Finished:    EMT_API.Tests&#xD;
</StdOut>
    </Output>
  </ResultSummary>
</TestRun>